<div xmlns:wl="http://wolnelektury.pl/functions" xmlns:dc="http://purl.org/dc/elements/1.1/" id="book-text">
<div id="toc">
<h2>Spis treści</h2>
<ol></ol>
</div>
<div id="themes"><ol>
<li>Miłość platoniczna: <a href="#m1189062500041">1</a> <a href="#m1189062500041">2</a> </li>
<li>Natura: <a href="#m1189062528872">1</a> </li>
<li>Nicość: <a href="#m1">1</a> </li>
</ol></div>
<h1>
<span class="author">Adam Asnyk</span><span class="title"><a name="m1189062500041" class="theme-begin" fid="1189062500041">Miłość platoniczna</a>Między nami nic nie było</span>
</h1>
<a name="m1189062500041" class="theme-begin" fid="1189062500041">Miłość platoniczna</a><div class="stanza">
<a name="sec4"></a><a name="f1" class="target"> </a><a href="#f1" class="anchor">1</a><p class="verse">Między nami <a name="m1" class="theme-begin" fid="1">Nicość</a>nic nie było!<span class="theme-end" fid="1"></span></p>
<p class="verse">Żadnych zwierzeń, wyznań żadnych!</p>
<p class="verse">Nic nas z sobą nie łączyło —</p>
<p class="verse">Prócz wiosennych marzeń zdradnych;</p>
</div>
<div class="stanza">
<a name="sec5"></a><a name="f5" class="target"> </a><a href="#f5" class="anchor">5</a><p class="verse"><a name="m1189062528872" class="theme-begin" fid="1189062528872">Natura</a>Prócz tych woni, barw i blasków,</p>
<p class="verse">Unoszących się w przestrzeni;</p>
<p class="verse">Prócz szumiących śpiewem lasków</p>
<p class="verse">I tej świeżej łąk zieleni;</p>
</div>
<div class="stanza">
<a name="sec6"></a><p class="verse">Prócz tych kaskad i potoków,</p>
<a name="f10" class="target"> </a><a href="#f10" class="anchor">10</a><p class="verse">Zraszających każdy parów,</p>
<p class="verse">Prócz girlandy tęcz, obłoków,</p>
<p class="verse">Prócz natury słodkich czarów;</p>
</div>
<div class="stanza">
<a name="sec7"></a><p class="verse">Prócz tych wspólnych, jasnych zdrojów,</p>
<p class="verse">Z których serce zachwyt piło;</p>
<a name="f15" class="target"> </a><a href="#f15" class="anchor">15</a><p class="verse">Prócz pierwiosnków i powojów,—</p>
<p class="verse">Między nami nic nie było!<span class="theme-end" fid="1189062528872"></span><span class="theme-end" fid="1189062500041"></span></p>
</div>
</div>
